------------------------------------------------------------
TimeQuest Timing Analyzer Summary
------------------------------------------------------------

Type  : Slow 1200mV 85C Model Setup 'CLOCK50'
Slack : -10.396
TNS   : -30.212

Type  : Slow 1200mV 85C Model Hold 'CLOCK50'
Slack : 0.305
TNS   : 0.000

Type  : Slow 1200mV 85C Model Recovery 'CLOCK50'
Slack : 14.619
TNS   : 0.000

Type  : Slow 1200mV 85C Model Removal 'CLOCK50'
Slack : 3.886
TNS   : 0.000

Type  : Slow 1200mV 85C Model Minimum Pulse Width 'CLOCK50'
Slack : 9.487
TNS   : 0.000

Type  : Slow 1200mV 0C Model Setup 'CLOCK50'
Slack : -7.310
TNS   : -21.019

Type  : Slow 1200mV 0C Model Hold 'CLOCK50'
Slack : 0.297
TNS   : 0.000

Type  : Slow 1200mV 0C Model Recovery 'CLOCK50'
Slack : 15.179
TNS   : 0.000

Type  : Slow 1200mV 0C Model Removal 'CLOCK50'
Slack : 3.488
TNS   : 0.000

Type  : Slow 1200mV 0C Model Minimum Pulse Width 'CLOCK50'
Slack : 9.487
TNS   : 0.000

Type  : Fast 1200mV 0C Model Setup 'CLOCK50'
Slack : 2.992
TNS   : 0.000

Type  : Fast 1200mV 0C Model Hold 'CLOCK50'
Slack : 0.148
TNS   : 0.000

Type  : Fast 1200mV 0C Model Recovery 'CLOCK50'
Slack : 16.767
TNS   : 0.000

Type  : Fast 1200mV 0C Model Removal 'CLOCK50'
Slack : 2.228
TNS   : 0.000

Type  : Fast 1200mV 0C Model Minimum Pulse Width 'CLOCK50'
Slack : 9.208
TNS   : 0.000

------------------------------------------------------------
