------------------------------------------------------------
TimeQuest Timing Analyzer Summary
------------------------------------------------------------

Type  : Slow 1200mV 85C Model Setup 'CLOCK50'
Slack : 3.011
TNS   : 0.000

Type  : Slow 1200mV 85C Model Hold 'CLOCK50'
Slack : 0.355
TNS   : 0.000

Type  : Slow 1200mV 85C Model Recovery 'CLOCK50'
Slack : 15.626
TNS   : 0.000

Type  : Slow 1200mV 85C Model Removal 'CLOCK50'
Slack : 3.191
TNS   : 0.000

Type  : Slow 1200mV 85C Model Minimum Pulse Width 'CLOCK50'
Slack : 9.483
TNS   : 0.000

Type  : Slow 1200mV 0C Model Setup 'CLOCK50'
Slack : 3.669
TNS   : 0.000

Type  : Slow 1200mV 0C Model Hold 'CLOCK50'
Slack : 0.311
TNS   : 0.000

Type  : Slow 1200mV 0C Model Recovery 'CLOCK50'
Slack : 16.121
TNS   : 0.000

Type  : Slow 1200mV 0C Model Removal 'CLOCK50'
Slack : 2.838
TNS   : 0.000

Type  : Slow 1200mV 0C Model Minimum Pulse Width 'CLOCK50'
Slack : 9.484
TNS   : 0.000

Type  : Fast 1200mV 0C Model Setup 'CLOCK50'
Slack : 5.817
TNS   : 0.000

Type  : Fast 1200mV 0C Model Hold 'CLOCK50'
Slack : 0.180
TNS   : 0.000

Type  : Fast 1200mV 0C Model Recovery 'CLOCK50'
Slack : 17.414
TNS   : 0.000

Type  : Fast 1200mV 0C Model Removal 'CLOCK50'
Slack : 1.818
TNS   : 0.000

Type  : Fast 1200mV 0C Model Minimum Pulse Width 'CLOCK50'
Slack : 9.206
TNS   : 0.000

------------------------------------------------------------
